<html>
<body>
<pre>
<h1>µVision Build Log</h1>
<h2>Tool Versions:</h2>
IDE-Version: ¦ÌVision V5.27.1.0
Copyright (C) 2019 ARM Ltd and ARM Germany GmbH. All rights reserved.
License Information: 1 bin, 1, LIC=TIVNB-21U42-RABDM-XNZVB-K4DUJ-B1S66
 
Tool Versions:
Toolchain:       MDK-ARM Plus  Version: 5.27.1.0
Toolchain Path:  C:\Keil_v5\ARM\ARMCC\Bin
C Compiler:      Armcc.exe V5.06 update 6 (build 750)
Assembler:       Armasm.exe V5.06 update 6 (build 750)
Linker/Locator:  ArmLink.exe V5.06 update 6 (build 750)
Library Manager: ArmAr.exe V5.06 update 6 (build 750)
Hex Converter:   FromElf.exe V5.06 update 6 (build 750)
CPU DLL:         SARMCM3.DLL V5.27.1.0
Dialog DLL:      DARMCM1.DLL V1.19.2.0
Target DLL:      NULink\Nu_Link.dll V3.02
Dialog DLL:      TARMCM1.DLL V1.14.1.0
 
<h2>Project:</h2>
D:\Nuvoton\NUCM0564\porting\SampleCode\Template\KEIL\GPIO_OutputInput.uvproj
Project File Date:  09/28/2021

<h2>Output:</h2>
*** Using Compiler 'V5.06 update 6 (build 750)', folder: 'C:\Keil_v5\ARM\ARMCC\Bin'
Build target 'GPIO_OutputInput'
creating preprocessor file for system_M0564.c...
creating preprocessor file for retarget.c...
creating preprocessor file for main.c...
creating preprocessor file for gpio.c...
creating preprocessor file for clk.c...
creating preprocessor file for sys.c...
creating preprocessor file for uart.c...
creating preprocessor file for list.c...
creating preprocessor file for tasks.c...
creating preprocessor file for timers.c...
creating preprocessor file for queue.c...
creating preprocessor file for port.c...
creating preprocessor file for heap_2.c...
creating preprocessor file for croutine.c...
creating preprocessor file for event_groups.c...
compiling croutine.c...
creating preprocessor file for stream_buffer.c...
compiling event_groups.c...
compiling stream_buffer.c...
linking...
Program Size: Code=16504 RO-data=352 RW-data=128 ZI-data=6448  
After Build - User command #1: fromelf --bin ".\obj\GPIO_OutputInput.axf" --output ".\obj\GPIO_OutputInput.bin"
After Build - User command #2: fromelf --text -c ".\obj\GPIO_OutputInput.axf" --output ".\obj\GPIO_OutputInput.txt"
".\obj\GPIO_OutputInput.axf" - 0 Error(s), 0 Warning(s).
Build Time Elapsed:  00:00:04
</pre>
</body>
</html>
