Component: ARM Compiler 5.06 update 6 (build 750) Tool: armlink [4d35ed]

==============================================================================

Small function inlining results

Inlined total of 0 calls.

==============================================================================

Section Cross References

    startup_m0564.o(RESET) refers to startup_m0564.o(STACK) for __initial_sp
    startup_m0564.o(RESET) refers to startup_m0564.o(.text) for Reset_Handler
    startup_m0564.o(RESET) refers to retarget.o(.emb_text) for HardFault_Handler
    startup_m0564.o(RESET) refers to port.o(.text) for SVC_Handler
    startup_m0564.o(RESET) refers to port.o(.emb_text) for PendSV_Handler
    startup_m0564.o(.text) refers to system_m0564.o(.text) for SystemInit
    startup_m0564.o(.text) refers to entry.o(.ARM.Collect$$$$00000000) for __main
    system_m0564.o(.text) refers to uidiv.o(.text) for __aeabi_uidivmod
    system_m0564.o(.text) refers to system_m0564.o(.data) for PllClock
    system_m0564.o(.text) refers to system_m0564.o(.constdata) for gau32ClkSrcTbl
    main.o(.text) refers to clk.o(.text) for CLK_EnableXtalRC
    main.o(.text) refers to sys.o(.text) for SYS_ResetModule
    main.o(.text) refers to uart.o(.text) for UART_Open
    main.o(.text) refers to gpio.o(.text) for GPIO_SetMode
    main.o(.text) refers to printf5.o(i.__0printf$5) for __2printf
    main.o(.text) refers to tasks.o(.text) for vTaskDelay
    main.o(.text) refers to system_m0564.o(.data) for SystemCoreClock
    retarget.o(.emb_text) refers to retarget.o(.text) for Hard_Fault_Handler
    retarget.o(.text) refers to printf5.o(i.__0printf$5) for __2printf
    clk.o(.text) refers to system_m0564.o(.text) for SystemCoreClockUpdate
    clk.o(.text) refers to uidiv.o(.text) for __aeabi_uidivmod
    clk.o(.text) refers to system_m0564.o(.data) for SystemCoreClock
    clk.o(.text) refers to clk.o(.constdata) for .constdata
    uart.o(.text) refers to uidiv.o(.text) for __aeabi_uidivmod
    uart.o(.text) refers to uart.o(.constdata) for .constdata
    tasks.o(.text) refers to list.o(.text) for vListInitialise
    tasks.o(.text) refers to port.o(.text) for vPortEnterCritical
    tasks.o(.text) refers to memseta.o(.text) for __aeabi_memset
    tasks.o(.text) refers to heap_2.o(.text) for pvPortMalloc
    tasks.o(.text) refers to main.o(.text) for vApplicationTickHook
    tasks.o(.text) refers to tasks.o(.bss) for pxReadyTasksLists
    tasks.o(.text) refers to tasks.o(.data) for pxDelayedTaskList
    tasks.o(.text) refers to port.o(.emb_text) for ulSetInterruptMaskFromISR
    tasks.o(.text) refers to timers.o(.text) for xTimerCreateTimerTask
    tasks.o(.text) refers to tasks.o(i.__ARM_common_switch8) for __ARM_common_switch8
    queue.o(.text) refers to port.o(.text) for vPortEnterCritical
    queue.o(.text) refers to tasks.o(.text) for xTaskRemoveFromEventList
    queue.o(.text) refers to list.o(.text) for vListInitialise
    queue.o(.text) refers to heap_2.o(.text) for pvPortMalloc
    queue.o(.text) refers to memcpya.o(.text) for __aeabi_memcpy
    queue.o(.text) refers to port.o(.emb_text) for ulSetInterruptMaskFromISR
    queue.o(.text) refers to queue.o(.bss) for xQueueRegistry
    timers.o(.text) refers to list.o(.text) for vListInsert
    timers.o(.text) refers to tasks.o(.text) for xTaskGetSchedulerState
    timers.o(.text) refers to queue.o(.text) for xQueueGenericSend
    timers.o(.text) refers to tasks.o(i.__ARM_common_switch8) for __ARM_common_switch8
    timers.o(.text) refers to heap_2.o(.text) for vPortFree
    timers.o(.text) refers to port.o(.text) for vPortYield
    timers.o(.text) refers to timers.o(.data) for pxOverflowTimerList
    timers.o(.text) refers to timers.o(.bss) for xActiveTimerList1
    port.o(.emb_text) refers to tasks.o(.data) for pxCurrentTCB
    port.o(.emb_text) refers to tasks.o(.text) for vTaskSwitchContext
    port.o(.text) refers to uidiv.o(.text) for __aeabi_uidivmod
    port.o(.text) refers to port.o(.emb_text) for __asm___6_port_c_39a90d8d__prvPortStartFirstTask
    port.o(.text) refers to tasks.o(.text) for xTaskIncrementTick
    port.o(.text) refers to port.o(.data) for uxCriticalNesting
    port.o(.text) refers to system_m0564.o(.data) for SystemCoreClock
    heap_2.o(.text) refers to tasks.o(.text) for vTaskSuspendAll
    heap_2.o(.text) refers to main.o(.text) for vApplicationMallocFailedHook
    heap_2.o(.text) refers to heap_2.o(.bss) for ucHeap
    heap_2.o(.text) refers to heap_2.o(.data) for xStart
    event_groups.o(.text) refers to heap_2.o(.text) for pvPortMalloc
    event_groups.o(.text) refers to list.o(.text) for vListInitialise
    event_groups.o(.text) refers to tasks.o(.text) for vTaskSuspendAll
    event_groups.o(.text) refers to port.o(.text) for vPortYield
    event_groups.o(.text) refers to port.o(.emb_text) for ulSetInterruptMaskFromISR
    stream_buffer.o(.text) refers to memseta.o(.text) for memset
    stream_buffer.o(.text) refers to heap_2.o(.text) for pvPortMalloc
    stream_buffer.o(.text) refers to port.o(.text) for vPortEnterCritical
    stream_buffer.o(.text) refers to memcpya.o(.text) for __aeabi_memcpy
    stream_buffer.o(.text) refers to tasks.o(.text) for vTaskSetTimeOutState
    stream_buffer.o(.text) refers to port.o(.emb_text) for ulSetInterruptMaskFromISR
    entry.o(.ARM.Collect$$$$00000000) refers (Special) to entry10a.o(.ARM.Collect$$$$0000000D) for __rt_final_cpp
    entry.o(.ARM.Collect$$$$00000000) refers (Special) to entry11a.o(.ARM.Collect$$$$0000000F) for __rt_final_exit
    entry.o(.ARM.Collect$$$$00000000) refers (Special) to entry7b.o(.ARM.Collect$$$$00000008) for _main_clock
    entry.o(.ARM.Collect$$$$00000000) refers (Special) to entry8b.o(.ARM.Collect$$$$0000000A) for _main_cpp_init
    entry.o(.ARM.Collect$$$$00000000) refers (Special) to entry9a.o(.ARM.Collect$$$$0000000B) for _main_init
    entry.o(.ARM.Collect$$$$00000000) refers (Special) to entry5.o(.ARM.Collect$$$$00000004) for _main_scatterload
    entry.o(.ARM.Collect$$$$00000000) refers (Special) to entry2.o(.ARM.Collect$$$$00000001) for _main_stk
    printfb.o(i.__0fprintf$bare) refers to printfb.o(i._printf_core) for _printf_core
    printfb.o(i.__0fprintf$bare) refers to retarget.o(.text) for fputc
    printfb.o(i.__0printf$bare) refers to printfb.o(i._printf_core) for _printf_core
    printfb.o(i.__0printf$bare) refers to retarget.o(.text) for fputc
    printfb.o(i.__0printf$bare) refers to retarget.o(.data) for __stdout
    printfb.o(i.__0snprintf$bare) refers to printfb.o(i._printf_core) for _printf_core
    printfb.o(i.__0snprintf$bare) refers to printfb.o(i._snputc) for _snputc
    printfb.o(i.__0sprintf$bare) refers to printfb.o(i._printf_core) for _printf_core
    printfb.o(i.__0sprintf$bare) refers to printfb.o(i._sputc) for _sputc
    printfb.o(i.__0vfprintf$bare) refers to printfb.o(i._printf_core) for _printf_core
    printfb.o(i.__0vfprintf$bare) refers to retarget.o(.text) for fputc
    printfb.o(i.__0vprintf$bare) refers to printfb.o(i._printf_core) for _printf_core
    printfb.o(i.__0vprintf$bare) refers to retarget.o(.text) for fputc
    printfb.o(i.__0vprintf$bare) refers to retarget.o(.data) for __stdout
    printfb.o(i.__0vsnprintf$bare) refers to printfb.o(i._printf_core) for _printf_core
    printfb.o(i.__0vsnprintf$bare) refers to printfb.o(i._snputc) for _snputc
    printfb.o(i.__0vsprintf$bare) refers to printfb.o(i._printf_core) for _printf_core
    printfb.o(i.__0vsprintf$bare) refers to printfb.o(i._sputc) for _sputc
    printf0.o(i.__0fprintf$0) refers to printf0.o(i._printf_core) for _printf_core
    printf0.o(i.__0fprintf$0) refers to retarget.o(.text) for fputc
    printf0.o(i.__0printf$0) refers to printf0.o(i._printf_core) for _printf_core
    printf0.o(i.__0printf$0) refers to retarget.o(.text) for fputc
    printf0.o(i.__0printf$0) refers to retarget.o(.data) for __stdout
    printf0.o(i.__0snprintf$0) refers to printf0.o(i._printf_core) for _printf_core
    printf0.o(i.__0snprintf$0) refers to printf0.o(i._snputc) for _snputc
    printf0.o(i.__0sprintf$0) refers to printf0.o(i._printf_core) for _printf_core
    printf0.o(i.__0sprintf$0) refers to printf0.o(i._sputc) for _sputc
    printf0.o(i.__0vfprintf$0) refers to printf0.o(i._printf_core) for _printf_core
    printf0.o(i.__0vfprintf$0) refers to retarget.o(.text) for fputc
    printf0.o(i.__0vprintf$0) refers to printf0.o(i._printf_core) for _printf_core
    printf0.o(i.__0vprintf$0) refers to retarget.o(.text) for fputc
    printf0.o(i.__0vprintf$0) refers to retarget.o(.data) for __stdout
    printf0.o(i.__0vsnprintf$0) refers to printf0.o(i._printf_core) for _printf_core
    printf0.o(i.__0vsnprintf$0) refers to printf0.o(i._snputc) for _snputc
    printf0.o(i.__0vsprintf$0) refers to printf0.o(i._printf_core) for _printf_core
    printf0.o(i.__0vsprintf$0) refers to printf0.o(i._sputc) for _sputc
    printf1.o(i.__0fprintf$1) refers to printf1.o(i._printf_core) for _printf_core
    printf1.o(i.__0fprintf$1) refers to retarget.o(.text) for fputc
    printf1.o(i.__0printf$1) refers to printf1.o(i._printf_core) for _printf_core
    printf1.o(i.__0printf$1) refers to retarget.o(.text) for fputc
    printf1.o(i.__0printf$1) refers to retarget.o(.data) for __stdout
    printf1.o(i.__0snprintf$1) refers to printf1.o(i._printf_core) for _printf_core
    printf1.o(i.__0snprintf$1) refers to printf1.o(i._snputc) for _snputc
    printf1.o(i.__0sprintf$1) refers to printf1.o(i._printf_core) for _printf_core
    printf1.o(i.__0sprintf$1) refers to printf1.o(i._sputc) for _sputc
    printf1.o(i.__0vfprintf$1) refers to printf1.o(i._printf_core) for _printf_core
    printf1.o(i.__0vfprintf$1) refers to retarget.o(.text) for fputc
    printf1.o(i.__0vprintf$1) refers to printf1.o(i._printf_core) for _printf_core
    printf1.o(i.__0vprintf$1) refers to retarget.o(.text) for fputc
    printf1.o(i.__0vprintf$1) refers to retarget.o(.data) for __stdout
    printf1.o(i.__0vsnprintf$1) refers to printf1.o(i._printf_core) for _printf_core
    printf1.o(i.__0vsnprintf$1) refers to printf1.o(i._snputc) for _snputc
    printf1.o(i.__0vsprintf$1) refers to printf1.o(i._printf_core) for _printf_core
    printf1.o(i.__0vsprintf$1) refers to printf1.o(i._sputc) for _sputc
    printf1.o(i._printf_core) refers to uidiv.o(.text) for __aeabi_uidivmod
    printf2.o(i.__0fprintf$2) refers to printf2.o(i._printf_core) for _printf_core
    printf2.o(i.__0fprintf$2) refers to retarget.o(.text) for fputc
    printf2.o(i.__0printf$2) refers to printf2.o(i._printf_core) for _printf_core
    printf2.o(i.__0printf$2) refers to retarget.o(.text) for fputc
    printf2.o(i.__0printf$2) refers to retarget.o(.data) for __stdout
    printf2.o(i.__0snprintf$2) refers to printf2.o(i._printf_core) for _printf_core
    printf2.o(i.__0snprintf$2) refers to printf2.o(i._snputc) for _snputc
    printf2.o(i.__0sprintf$2) refers to printf2.o(i._printf_core) for _printf_core
    printf2.o(i.__0sprintf$2) refers to printf2.o(i._sputc) for _sputc
    printf2.o(i.__0vfprintf$2) refers to printf2.o(i._printf_core) for _printf_core
    printf2.o(i.__0vfprintf$2) refers to retarget.o(.text) for fputc
    printf2.o(i.__0vprintf$2) refers to printf2.o(i._printf_core) for _printf_core
    printf2.o(i.__0vprintf$2) refers to retarget.o(.text) for fputc
    printf2.o(i.__0vprintf$2) refers to retarget.o(.data) for __stdout
    printf2.o(i.__0vsnprintf$2) refers to printf2.o(i._printf_core) for _printf_core
    printf2.o(i.__0vsnprintf$2) refers to printf2.o(i._snputc) for _snputc
    printf2.o(i.__0vsprintf$2) refers to printf2.o(i._printf_core) for _printf_core
    printf2.o(i.__0vsprintf$2) refers to printf2.o(i._sputc) for _sputc
    printf3.o(i.__0fprintf$3) refers to printf3.o(i._printf_core) for _printf_core
    printf3.o(i.__0fprintf$3) refers to retarget.o(.text) for fputc
    printf3.o(i.__0printf$3) refers to printf3.o(i._printf_core) for _printf_core
    printf3.o(i.__0printf$3) refers to retarget.o(.text) for fputc
    printf3.o(i.__0printf$3) refers to retarget.o(.data) for __stdout
    printf3.o(i.__0snprintf$3) refers to printf3.o(i._printf_core) for _printf_core
    printf3.o(i.__0snprintf$3) refers to printf3.o(i._snputc) for _snputc
    printf3.o(i.__0sprintf$3) refers to printf3.o(i._printf_core) for _printf_core
    printf3.o(i.__0sprintf$3) refers to printf3.o(i._sputc) for _sputc
    printf3.o(i.__0vfprintf$3) refers to printf3.o(i._printf_core) for _printf_core
    printf3.o(i.__0vfprintf$3) refers to retarget.o(.text) for fputc
    printf3.o(i.__0vprintf$3) refers to printf3.o(i._printf_core) for _printf_core
    printf3.o(i.__0vprintf$3) refers to retarget.o(.text) for fputc
    printf3.o(i.__0vprintf$3) refers to retarget.o(.data) for __stdout
    printf3.o(i.__0vsnprintf$3) refers to printf3.o(i._printf_core) for _printf_core
    printf3.o(i.__0vsnprintf$3) refers to printf3.o(i._snputc) for _snputc
    printf3.o(i.__0vsprintf$3) refers to printf3.o(i._printf_core) for _printf_core
    printf3.o(i.__0vsprintf$3) refers to printf3.o(i._sputc) for _sputc
    printf3.o(i._printf_core) refers to uidiv.o(.text) for __aeabi_uidivmod
    printf4.o(i.__0fprintf$4) refers to printf4.o(i._printf_core) for _printf_core
    printf4.o(i.__0fprintf$4) refers to retarget.o(.text) for fputc
    printf4.o(i.__0printf$4) refers to printf4.o(i._printf_core) for _printf_core
    printf4.o(i.__0printf$4) refers to retarget.o(.text) for fputc
    printf4.o(i.__0printf$4) refers to retarget.o(.data) for __stdout
    printf4.o(i.__0snprintf$4) refers to printf4.o(i._printf_core) for _printf_core
    printf4.o(i.__0snprintf$4) refers to printf4.o(i._snputc) for _snputc
    printf4.o(i.__0sprintf$4) refers to printf4.o(i._printf_core) for _printf_core
    printf4.o(i.__0sprintf$4) refers to printf4.o(i._sputc) for _sputc
    printf4.o(i.__0vfprintf$4) refers to printf4.o(i._printf_core) for _printf_core
    printf4.o(i.__0vfprintf$4) refers to retarget.o(.text) for fputc
    printf4.o(i.__0vprintf$4) refers to printf4.o(i._printf_core) for _printf_core
    printf4.o(i.__0vprintf$4) refers to retarget.o(.text) for fputc
    printf4.o(i.__0vprintf$4) refers to retarget.o(.data) for __stdout
    printf4.o(i.__0vsnprintf$4) refers to printf4.o(i._printf_core) for _printf_core
    printf4.o(i.__0vsnprintf$4) refers to printf4.o(i._snputc) for _snputc
    printf4.o(i.__0vsprintf$4) refers to printf4.o(i._printf_core) for _printf_core
    printf4.o(i.__0vsprintf$4) refers to printf4.o(i._sputc) for _sputc
    printf4.o(i._printf_core) refers to uldiv.o(.text) for __aeabi_uldivmod
    printf5.o(i.__0fprintf$5) refers to printf5.o(i._printf_core) for _printf_core
    printf5.o(i.__0fprintf$5) refers to retarget.o(.text) for fputc
    printf5.o(i.__0printf$5) refers to printf5.o(i._printf_core) for _printf_core
    printf5.o(i.__0printf$5) refers to retarget.o(.text) for fputc
    printf5.o(i.__0printf$5) refers to retarget.o(.data) for __stdout
    printf5.o(i.__0snprintf$5) refers to printf5.o(i._printf_core) for _printf_core
    printf5.o(i.__0snprintf$5) refers to printf5.o(i._snputc) for _snputc
    printf5.o(i.__0sprintf$5) refers to printf5.o(i._printf_core) for _printf_core
    printf5.o(i.__0sprintf$5) refers to printf5.o(i._sputc) for _sputc
    printf5.o(i.__0vfprintf$5) refers to printf5.o(i._printf_core) for _printf_core
    printf5.o(i.__0vfprintf$5) refers to retarget.o(.text) for fputc
    printf5.o(i.__0vprintf$5) refers to printf5.o(i._printf_core) for _printf_core
    printf5.o(i.__0vprintf$5) refers to retarget.o(.text) for fputc
    printf5.o(i.__0vprintf$5) refers to retarget.o(.data) for __stdout
    printf5.o(i.__0vsnprintf$5) refers to printf5.o(i._printf_core) for _printf_core
    printf5.o(i.__0vsnprintf$5) refers to printf5.o(i._snputc) for _snputc
    printf5.o(i.__0vsprintf$5) refers to printf5.o(i._printf_core) for _printf_core
    printf5.o(i.__0vsprintf$5) refers to printf5.o(i._sputc) for _sputc
    printf5.o(i._printf_core) refers to uldiv.o(.text) for __aeabi_uldivmod
    printf6.o(i.__0fprintf$6) refers to printf6.o(i._printf_core) for _printf_core
    printf6.o(i.__0fprintf$6) refers to retarget.o(.text) for fputc
    printf6.o(i.__0printf$6) refers to printf6.o(i._printf_core) for _printf_core
    printf6.o(i.__0printf$6) refers to retarget.o(.text) for fputc
    printf6.o(i.__0printf$6) refers to retarget.o(.data) for __stdout
    printf6.o(i.__0snprintf$6) refers to printf6.o(i._printf_core) for _printf_core
    printf6.o(i.__0snprintf$6) refers to printf6.o(i._snputc) for _snputc
    printf6.o(i.__0sprintf$6) refers to printf6.o(i._printf_core) for _printf_core
    printf6.o(i.__0sprintf$6) refers to printf6.o(i._sputc) for _sputc
    printf6.o(i.__0vfprintf$6) refers to printf6.o(i._printf_core) for _printf_core
    printf6.o(i.__0vfprintf$6) refers to retarget.o(.text) for fputc
    printf6.o(i.__0vprintf$6) refers to printf6.o(i._printf_core) for _printf_core
    printf6.o(i.__0vprintf$6) refers to retarget.o(.text) for fputc
    printf6.o(i.__0vprintf$6) refers to retarget.o(.data) for __stdout
    printf6.o(i.__0vsnprintf$6) refers to printf6.o(i._printf_core) for _printf_core
    printf6.o(i.__0vsnprintf$6) refers to printf6.o(i._snputc) for _snputc
    printf6.o(i.__0vsprintf$6) refers to printf6.o(i._printf_core) for _printf_core
    printf6.o(i.__0vsprintf$6) refers to printf6.o(i._sputc) for _sputc
    printf6.o(i._printf_core) refers to printf6.o(i._printf_pre_padding) for _printf_pre_padding
    printf6.o(i._printf_core) refers to printf6.o(i._printf_post_padding) for _printf_post_padding
    printf6.o(i._printf_core) refers to uidiv.o(.text) for __aeabi_uidivmod
    printf7.o(i.__0fprintf$7) refers to printf7.o(i._printf_core) for _printf_core
    printf7.o(i.__0fprintf$7) refers to retarget.o(.text) for fputc
    printf7.o(i.__0printf$7) refers to printf7.o(i._printf_core) for _printf_core
    printf7.o(i.__0printf$7) refers to retarget.o(.text) for fputc
    printf7.o(i.__0printf$7) refers to retarget.o(.data) for __stdout
    printf7.o(i.__0snprintf$7) refers to printf7.o(i._printf_core) for _printf_core
    printf7.o(i.__0snprintf$7) refers to printf7.o(i._snputc) for _snputc
    printf7.o(i.__0sprintf$7) refers to printf7.o(i._printf_core) for _printf_core
    printf7.o(i.__0sprintf$7) refers to printf7.o(i._sputc) for _sputc
    printf7.o(i.__0vfprintf$7) refers to printf7.o(i._printf_core) for _printf_core
    printf7.o(i.__0vfprintf$7) refers to retarget.o(.text) for fputc
    printf7.o(i.__0vprintf$7) refers to printf7.o(i._printf_core) for _printf_core
    printf7.o(i.__0vprintf$7) refers to retarget.o(.text) for fputc
    printf7.o(i.__0vprintf$7) refers to retarget.o(.data) for __stdout
    printf7.o(i.__0vsnprintf$7) refers to printf7.o(i._printf_core) for _printf_core
    printf7.o(i.__0vsnprintf$7) refers to printf7.o(i._snputc) for _snputc
    printf7.o(i.__0vsprintf$7) refers to printf7.o(i._printf_core) for _printf_core
    printf7.o(i.__0vsprintf$7) refers to printf7.o(i._sputc) for _sputc
    printf7.o(i._printf_core) refers to printf7.o(i._printf_pre_padding) for _printf_pre_padding
    printf7.o(i._printf_core) refers to printf7.o(i._printf_post_padding) for _printf_post_padding
    printf7.o(i._printf_core) refers to uldiv.o(.text) for __aeabi_uldivmod
    printf8.o(i.__0fprintf$8) refers to printf8.o(i._printf_core) for _printf_core
    printf8.o(i.__0fprintf$8) refers to retarget.o(.text) for fputc
    printf8.o(i.__0printf$8) refers to printf8.o(i._printf_core) for _printf_core
    printf8.o(i.__0printf$8) refers to retarget.o(.text) for fputc
    printf8.o(i.__0printf$8) refers to retarget.o(.data) for __stdout
    printf8.o(i.__0snprintf$8) refers to printf8.o(i._printf_core) for _printf_core
    printf8.o(i.__0snprintf$8) refers to printf8.o(i._snputc) for _snputc
    printf8.o(i.__0sprintf$8) refers to printf8.o(i._printf_core) for _printf_core
    printf8.o(i.__0sprintf$8) refers to printf8.o(i._sputc) for _sputc
    printf8.o(i.__0vfprintf$8) refers to printf8.o(i._printf_core) for _printf_core
    printf8.o(i.__0vfprintf$8) refers to retarget.o(.text) for fputc
    printf8.o(i.__0vprintf$8) refers to printf8.o(i._printf_core) for _printf_core
    printf8.o(i.__0vprintf$8) refers to retarget.o(.text) for fputc
    printf8.o(i.__0vprintf$8) refers to retarget.o(.data) for __stdout
    printf8.o(i.__0vsnprintf$8) refers to printf8.o(i._printf_core) for _printf_core
    printf8.o(i.__0vsnprintf$8) refers to printf8.o(i._snputc) for _snputc
    printf8.o(i.__0vsprintf$8) refers to printf8.o(i._printf_core) for _printf_core
    printf8.o(i.__0vsprintf$8) refers to printf8.o(i._sputc) for _sputc
    printf8.o(i._printf_core) refers to printf8.o(i._printf_pre_padding) for _printf_pre_padding
    printf8.o(i._printf_core) refers to printf8.o(i._printf_post_padding) for _printf_post_padding
    printf8.o(i._printf_core) refers to uldiv.o(.text) for __aeabi_uldivmod
    printfa.o(i.__0fprintf) refers (Special) to iusefp.o(.text) for __I$use$fp
    printfa.o(i.__0fprintf) refers to printfa.o(i._printf_core) for _printf_core
    printfa.o(i.__0fprintf) refers to retarget.o(.text) for fputc
    printfa.o(i.__0printf) refers (Special) to iusefp.o(.text) for __I$use$fp
    printfa.o(i.__0printf) refers to printfa.o(i._printf_core) for _printf_core
    printfa.o(i.__0printf) refers to retarget.o(.text) for fputc
    printfa.o(i.__0printf) refers to retarget.o(.data) for __stdout
    printfa.o(i.__0snprintf) refers (Special) to iusefp.o(.text) for __I$use$fp
    printfa.o(i.__0snprintf) refers to printfa.o(i._printf_core) for _printf_core
    printfa.o(i.__0snprintf) refers to printfa.o(i._snputc) for _snputc
    printfa.o(i.__0sprintf) refers (Special) to iusefp.o(.text) for __I$use$fp
    printfa.o(i.__0sprintf) refers to printfa.o(i._printf_core) for _printf_core
    printfa.o(i.__0sprintf) refers to printfa.o(i._sputc) for _sputc
    printfa.o(i.__0vfprintf) refers (Special) to iusefp.o(.text) for __I$use$fp
    printfa.o(i.__0vfprintf) refers to printfa.o(i._printf_core) for _printf_core
    printfa.o(i.__0vfprintf) refers to retarget.o(.text) for fputc
    printfa.o(i.__0vprintf) refers (Special) to iusefp.o(.text) for __I$use$fp
    printfa.o(i.__0vprintf) refers to printfa.o(i._printf_core) for _printf_core
    printfa.o(i.__0vprintf) refers to retarget.o(.text) for fputc
    printfa.o(i.__0vprintf) refers to retarget.o(.data) for __stdout
    printfa.o(i.__0vsnprintf) refers (Special) to iusefp.o(.text) for __I$use$fp
    printfa.o(i.__0vsnprintf) refers to printfa.o(i._printf_core) for _printf_core
    printfa.o(i.__0vsnprintf) refers to printfa.o(i._snputc) for _snputc
    printfa.o(i.__0vsprintf) refers (Special) to iusefp.o(.text) for __I$use$fp
    printfa.o(i.__0vsprintf) refers to printfa.o(i._printf_core) for _printf_core
    printfa.o(i.__0vsprintf) refers to printfa.o(i._sputc) for _sputc
    printfa.o(i._fp_digits) refers (Special) to iusefp.o(.text) for __I$use$fp
    printfa.o(i._fp_digits) refers to dmul.o(.text) for __aeabi_dmul
    printfa.o(i._fp_digits) refers to ddiv.o(.text) for __aeabi_ddiv
    printfa.o(i._fp_digits) refers to cdrcmple.o(.text) for __aeabi_cdrcmple
    printfa.o(i._fp_digits) refers to dadd.o(.text) for __aeabi_dadd
    printfa.o(i._fp_digits) refers to dfixul.o(.text) for __aeabi_d2ulz
    printfa.o(i._fp_digits) refers to uldiv.o(.text) for __aeabi_uldivmod
    printfa.o(i._printf_core) refers (Special) to iusefp.o(.text) for __I$use$fp
    printfa.o(i._printf_core) refers to printfa.o(i._printf_pre_padding) for _printf_pre_padding
    printfa.o(i._printf_core) refers to uldiv.o(.text) for __aeabi_uldivmod
    printfa.o(i._printf_core) refers to printfa.o(i._printf_post_padding) for _printf_post_padding
    printfa.o(i._printf_core) refers to printfa.o(i._fp_digits) for _fp_digits
    printfa.o(i._printf_core) refers to uidiv.o(.text) for __aeabi_uidivmod
    printfa.o(i._printf_post_padding) refers (Special) to iusefp.o(.text) for __I$use$fp
    printfa.o(i._printf_pre_padding) refers (Special) to iusefp.o(.text) for __I$use$fp
    printfa.o(i._snputc) refers (Special) to iusefp.o(.text) for __I$use$fp
    printfa.o(i._sputc) refers (Special) to iusefp.o(.text) for __I$use$fp
    entry2.o(.ARM.Collect$$$$00000001) refers to entry2.o(.ARM.Collect$$$$00002712) for __lit__00000000
    entry2.o(.ARM.Collect$$$$00002712) refers to startup_m0564.o(STACK) for __initial_sp
    entry2.o(__vectab_stack_and_reset_area) refers to startup_m0564.o(STACK) for __initial_sp
    entry2.o(__vectab_stack_and_reset_area) refers to entry.o(.ARM.Collect$$$$00000000) for __main
    entry5.o(.ARM.Collect$$$$00000004) refers to init.o(.text) for __scatterload
    entry9a.o(.ARM.Collect$$$$0000000B) refers to main.o(.text) for main
    entry9b.o(.ARM.Collect$$$$0000000C) refers to main.o(.text) for main
    uldiv.o(.text) refers to llushr.o(.text) for __aeabi_llsr
    uldiv.o(.text) refers to llshl.o(.text) for __aeabi_llsl
    dadd.o(.text) refers to llshl.o(.text) for __aeabi_llsl
    dadd.o(.text) refers to llsshr.o(.text) for __aeabi_lasr
    dadd.o(.text) refers to depilogue.o(.text) for _double_epilogue
    dmul.o(.text) refers to depilogue.o(.text) for _double_epilogue
    ddiv.o(.text) refers to depilogue.o(.text) for _double_round
    dfixul.o(.text) refers to llushr.o(.text) for __aeabi_llsr
    dfixul.o(.text) refers to llshl.o(.text) for __aeabi_llsl
    init.o(.text) refers to entry5.o(.ARM.Collect$$$$00000004) for __main_after_scatterload
    depilogue.o(.text) refers to depilogue.o(i.__ARM_clz) for __ARM_clz
    depilogue.o(.text) refers to llshl.o(.text) for __aeabi_llsl
    depilogue.o(.text) refers to llushr.o(.text) for __aeabi_llsr


==============================================================================

Removing Unused input sections from the image.

    Removing startup_m0564.o(HEAP), (0 bytes).
    Removing system_m0564.o(.rev16_text), (4 bytes).
    Removing system_m0564.o(.revsh_text), (4 bytes).
    Removing main.o(.rev16_text), (4 bytes).
    Removing main.o(.revsh_text), (4 bytes).
    Removing retarget.o(.rev16_text), (4 bytes).
    Removing retarget.o(.revsh_text), (4 bytes).
    Removing gpio.o(.rev16_text), (4 bytes).
    Removing gpio.o(.revsh_text), (4 bytes).
    Removing clk.o(.rev16_text), (4 bytes).
    Removing clk.o(.revsh_text), (4 bytes).
    Removing sys.o(.rev16_text), (4 bytes).
    Removing sys.o(.revsh_text), (4 bytes).
    Removing uart.o(.rev16_text), (4 bytes).
    Removing uart.o(.revsh_text), (4 bytes).
    Removing list.o(.rev16_text), (4 bytes).
    Removing list.o(.revsh_text), (4 bytes).
    Removing tasks.o(.rev16_text), (4 bytes).
    Removing tasks.o(.revsh_text), (4 bytes).
    Removing queue.o(.rev16_text), (4 bytes).
    Removing queue.o(.revsh_text), (4 bytes).
    Removing timers.o(.rev16_text), (4 bytes).
    Removing timers.o(.revsh_text), (4 bytes).
    Removing port.o(.rev16_text), (4 bytes).
    Removing port.o(.revsh_text), (4 bytes).
    Removing heap_2.o(.rev16_text), (4 bytes).
    Removing heap_2.o(.revsh_text), (4 bytes).
    Removing croutine.o(.rev16_text), (4 bytes).
    Removing croutine.o(.revsh_text), (4 bytes).
    Removing event_groups.o(.rev16_text), (4 bytes).
    Removing event_groups.o(.revsh_text), (4 bytes).
    Removing event_groups.o(.text), (996 bytes).
    Removing stream_buffer.o(.rev16_text), (4 bytes).
    Removing stream_buffer.o(.revsh_text), (4 bytes).
    Removing stream_buffer.o(.text), (1956 bytes).
    Removing dadd.o(.text), (356 bytes).
    Removing dmul.o(.text), (208 bytes).
    Removing ddiv.o(.text), (240 bytes).
    Removing dfixul.o(.text), (64 bytes).
    Removing cdrcmple.o(.text), (40 bytes).
    Removing depilogue.o(.text), (190 bytes).
    Removing depilogue.o(i.__ARM_clz), (46 bytes).

42 unused section(s) (total 4224 bytes) removed from the image.

==============================================================================

Image Symbol Table

    Local Symbols

    Symbol Name                              Value     Ov Type        Size  Object(Section)

    RESET                                    0x00000000   Section      192  startup_m0564.o(RESET)
    ../clib/microlib/division.c              0x00000000   Number         0  uidiv.o ABSOLUTE
    ../clib/microlib/division.c              0x00000000   Number         0  uldiv.o ABSOLUTE
    ../clib/microlib/init/entry.s            0x00000000   Number         0  entry5.o ABSOLUTE
    ../clib/microlib/init/entry.s            0x00000000   Number         0  entry2.o ABSOLUTE
    ../clib/microlib/init/entry.s            0x00000000   Number         0  entry11b.o ABSOLUTE
    ../clib/microlib/init/entry.s            0x00000000   Number         0  entry7a.o ABSOLUTE
    ../clib/microlib/init/entry.s            0x00000000   Number         0  entry9b.o ABSOLUTE
    ../clib/microlib/init/entry.s            0x00000000   Number         0  entry.o ABSOLUTE
    ../clib/microlib/init/entry.s            0x00000000   Number         0  entry7b.o ABSOLUTE
    ../clib/microlib/init/entry.s            0x00000000   Number         0  entry8a.o ABSOLUTE
    ../clib/microlib/init/entry.s            0x00000000   Number         0  entry10a.o ABSOLUTE
    ../clib/microlib/init/entry.s            0x00000000   Number         0  entry8b.o ABSOLUTE
    ../clib/microlib/init/entry.s            0x00000000   Number         0  entry9a.o ABSOLUTE
    ../clib/microlib/init/entry.s            0x00000000   Number         0  entry10b.o ABSOLUTE
    ../clib/microlib/init/entry.s            0x00000000   Number         0  entry11a.o ABSOLUTE
    ../clib/microlib/longlong.c              0x00000000   Number         0  llsshr.o ABSOLUTE
    ../clib/microlib/longlong.c              0x00000000   Number         0  llshl.o ABSOLUTE
    ../clib/microlib/longlong.c              0x00000000   Number         0  llushr.o ABSOLUTE
    ../clib/microlib/printf/printf.c         0x00000000   Number         0  printfa.o ABSOLUTE
    ../clib/microlib/printf/printf.c         0x00000000   Number         0  printf8.o ABSOLUTE
    ../clib/microlib/printf/printf.c         0x00000000   Number         0  printf7.o ABSOLUTE
    ../clib/microlib/printf/printf.c         0x00000000   Number         0  printf4.o ABSOLUTE
    ../clib/microlib/printf/printf.c         0x00000000   Number         0  printfb.o ABSOLUTE
    ../clib/microlib/printf/printf.c         0x00000000   Number         0  printf0.o ABSOLUTE
    ../clib/microlib/printf/printf.c         0x00000000   Number         0  printf1.o ABSOLUTE
    ../clib/microlib/printf/printf.c         0x00000000   Number         0  printf5.o ABSOLUTE
    ../clib/microlib/printf/printf.c         0x00000000   Number         0  printf2.o ABSOLUTE
    ../clib/microlib/printf/printf.c         0x00000000   Number         0  printf3.o ABSOLUTE
    ../clib/microlib/printf/printf.c         0x00000000   Number         0  printf6.o ABSOLUTE
    ../clib/microlib/printf/stubs.s          0x00000000   Number         0  stubs.o ABSOLUTE
    ../clib/microlib/string/memcpy.c         0x00000000   Number         0  memcpya.o ABSOLUTE
    ../clib/microlib/string/memcpy.c         0x00000000   Number         0  memcpyb.o ABSOLUTE
    ../clib/microlib/string/memset.c         0x00000000   Number         0  memset.o ABSOLUTE
    ../clib/microlib/string/memset.c         0x00000000   Number         0  memseta.o ABSOLUTE
    ../clib/microlib/stubs.s                 0x00000000   Number         0  iusefp.o ABSOLUTE
    ../fplib/microlib/fpadd.c                0x00000000   Number         0  dadd.o ABSOLUTE
    ../fplib/microlib/fpdiv.c                0x00000000   Number         0  ddiv.o ABSOLUTE
    ../fplib/microlib/fpepilogue.c           0x00000000   Number         0  depilogue.o ABSOLUTE
    ../fplib/microlib/fpfix.c                0x00000000   Number         0  dfixul.o ABSOLUTE
    ../fplib/microlib/fpmul.c                0x00000000   Number         0  dmul.o ABSOLUTE
    ..\..\..\Library\Device\Nuvoton\M0564\Source\ARM\startup_M0564.s 0x00000000   Number         0  startup_m0564.o ABSOLUTE
    ..\..\..\Library\Device\Nuvoton\M0564\Source\system_M0564.c 0x00000000   Number         0  system_m0564.o ABSOLUTE
    ..\..\..\Library\StdDriver\src\clk.c     0x00000000   Number         0  clk.o ABSOLUTE
    ..\..\..\Library\StdDriver\src\gpio.c    0x00000000   Number         0  gpio.o ABSOLUTE
    ..\..\..\Library\StdDriver\src\retarget.c 0x00000000   Number         0  retarget.o ABSOLUTE
    ..\..\..\Library\StdDriver\src\sys.c     0x00000000   Number         0  sys.o ABSOLUTE
    ..\..\..\Library\StdDriver\src\uart.c    0x00000000   Number         0  uart.o ABSOLUTE
    ..\..\..\ThirdParty\FreeRTOS\Source\croutine.c 0x00000000   Number         0  croutine.o ABSOLUTE
    ..\..\..\ThirdParty\FreeRTOS\Source\event_groups.c 0x00000000   Number         0  event_groups.o ABSOLUTE
    ..\..\..\ThirdParty\FreeRTOS\Source\list.c 0x00000000   Number         0  list.o ABSOLUTE
    ..\..\..\ThirdParty\FreeRTOS\Source\portable\MemMang\heap_2.c 0x00000000   Number         0  heap_2.o ABSOLUTE
    ..\..\..\ThirdParty\FreeRTOS\Source\portable\RVDS\ARM_CM0\port.c 0x00000000   Number         0  port.o ABSOLUTE
    ..\..\..\ThirdParty\FreeRTOS\Source\queue.c 0x00000000   Number         0  queue.o ABSOLUTE
    ..\..\..\ThirdParty\FreeRTOS\Source\stream_buffer.c 0x00000000   Number         0  stream_buffer.o ABSOLUTE
    ..\..\..\ThirdParty\FreeRTOS\Source\tasks.c 0x00000000   Number         0  tasks.o ABSOLUTE
    ..\..\..\ThirdParty\FreeRTOS\Source\timers.c 0x00000000   Number         0  timers.o ABSOLUTE
    ..\\..\\..\\Library\\Device\\Nuvoton\\M0564\\Source\\system_M0564.c 0x00000000   Number         0  system_m0564.o ABSOLUTE
    ..\\..\\..\\Library\\StdDriver\\src\\clk.c 0x00000000   Number         0  clk.o ABSOLUTE
    ..\\..\\..\\Library\\StdDriver\\src\\gpio.c 0x00000000   Number         0  gpio.o ABSOLUTE
    ..\\..\\..\\Library\\StdDriver\\src\\retarget.c 0x00000000   Number         0  retarget.o ABSOLUTE
    ..\\..\\..\\Library\\StdDriver\\src\\sys.c 0x00000000   Number         0  sys.o ABSOLUTE
    ..\\..\\..\\Library\\StdDriver\\src\\uart.c 0x00000000   Number         0  uart.o ABSOLUTE
    ..\\..\\..\\ThirdParty\\FreeRTOS\\Source\\croutine.c 0x00000000   Number         0  croutine.o ABSOLUTE
    ..\\..\\..\\ThirdParty\\FreeRTOS\\Source\\event_groups.c 0x00000000   Number         0  event_groups.o ABSOLUTE
    ..\\..\\..\\ThirdParty\\FreeRTOS\\Source\\list.c 0x00000000   Number         0  list.o ABSOLUTE
    ..\\..\\..\\ThirdParty\\FreeRTOS\\Source\\portable\\MemMang\\heap_2.c 0x00000000   Number         0  heap_2.o ABSOLUTE
    ..\\..\\..\\ThirdParty\\FreeRTOS\\Source\\portable\\RVDS\\ARM_CM0\\port.c 0x00000000   Number         0  port.o ABSOLUTE
    ..\\..\\..\\ThirdParty\\FreeRTOS\\Source\\queue.c 0x00000000   Number         0  queue.o ABSOLUTE
    ..\\..\\..\\ThirdParty\\FreeRTOS\\Source\\stream_buffer.c 0x00000000   Number         0  stream_buffer.o ABSOLUTE
    ..\\..\\..\\ThirdParty\\FreeRTOS\\Source\\tasks.c 0x00000000   Number         0  tasks.o ABSOLUTE
    ..\\..\\..\\ThirdParty\\FreeRTOS\\Source\\timers.c 0x00000000   Number         0  timers.o ABSOLUTE
    ..\\main.c                               0x00000000   Number         0  main.o ABSOLUTE
    ..\main.c                                0x00000000   Number         0  main.o ABSOLUTE
    cdrcmple.s                               0x00000000   Number         0  cdrcmple.o ABSOLUTE
    handlers.s                               0x00000000   Number         0  handlers.o ABSOLUTE
    init.s                                   0x00000000   Number         0  init.o ABSOLUTE
    .ARM.Collect$$$$00000000                 0x000000c0   Section        0  entry.o(.ARM.Collect$$$$00000000)
    .ARM.Collect$$$$00000001                 0x000000c0   Section        4  entry2.o(.ARM.Collect$$$$00000001)
    .ARM.Collect$$$$00000004                 0x000000c4   Section        4  entry5.o(.ARM.Collect$$$$00000004)
    .ARM.Collect$$$$00000008                 0x000000c8   Section        0  entry7b.o(.ARM.Collect$$$$00000008)
    .ARM.Collect$$$$0000000A                 0x000000c8   Section        0  entry8b.o(.ARM.Collect$$$$0000000A)
    .ARM.Collect$$$$0000000B                 0x000000c8   Section        8  entry9a.o(.ARM.Collect$$$$0000000B)
    .ARM.Collect$$$$0000000D                 0x000000d0   Section        0  entry10a.o(.ARM.Collect$$$$0000000D)
    .ARM.Collect$$$$0000000F                 0x000000d0   Section        0  entry11a.o(.ARM.Collect$$$$0000000F)
    .ARM.Collect$$$$00002712                 0x000000d0   Section        4  entry2.o(.ARM.Collect$$$$00002712)
    __lit__00000000                          0x000000d0   Data           4  entry2.o(.ARM.Collect$$$$00002712)
    .emb_text                                0x000000d4   Section       28  retarget.o(.emb_text)
    .emb_text                                0x000000f0   Section      120  port.o(.emb_text)
    .text                                    0x00000168   Section       28  startup_m0564.o(.text)
    Default_Handler                          0x0000017b   Thumb Code     2  startup_m0564.o(.text)
    .text                                    0x00000184   Section        0  system_m0564.o(.text)
    CLK_GetPLLClockFreq                      0x000001d3   Thumb Code   112  system_m0564.o(.text)
    .text                                    0x00000268   Section        0  main.o(.text)
    .text                                    0x00000494   Section        0  retarget.o(.text)
    stackDump                                0x00000495   Thumb Code    70  retarget.o(.text)
    __tagsym$$used                           0x000004db   Number         0  retarget.o(.text)
    .text                                    0x00000608   Section        0  gpio.o(.text)
    .text                                    0x0000066c   Section        0  clk.o(.text)
    CLK_GetPLLClockFreq                      0x00000b6d   Thumb Code   112  clk.o(.text)
    .text                                    0x00000bf4   Section        0  sys.o(.text)
    .text                                    0x00000cc4   Section        0  uart.o(.text)
    CLK_GetPLLClockFreq                      0x00000cc5   Thumb Code   112  uart.o(.text)
    NVIC_EnableIRQ                           0x000010e5   Thumb Code    14  uart.o(.text)
    NVIC_DisableIRQ                          0x000010f3   Thumb Code    16  uart.o(.text)
    .text                                    0x00001108   Section        0  list.o(.text)
    .text                                    0x000011a0   Section        0  tasks.o(.text)
    prvInitialiseTaskLists                   0x000011a1   Thumb Code    68  tasks.o(.text)
    prvAddNewTaskToReadyList                 0x000011e5   Thumb Code   146  tasks.o(.text)
    prvInitialiseNewTask                     0x00001277   Thumb Code   186  tasks.o(.text)
    prvResetNextTaskUnblockTime              0x0000138d   Thumb Code    46  tasks.o(.text)
    prvDeleteTCB                             0x000013bb   Thumb Code    18  tasks.o(.text)
    prvAddCurrentTaskToDelayedList           0x0000169f   Thumb Code   100  tasks.o(.text)
    prvTaskIsTaskSuspended                   0x00001ab5   Thumb Code    74  tasks.o(.text)
    prvCheckTasksWaitingTermination          0x00001bd9   Thumb Code    60  tasks.o(.text)
    prvIdleTask                              0x00001c15   Thumb Code    24  tasks.o(.text)
    prvTaskCheckFreeStackSpace               0x00001ccb   Thumb Code    22  tasks.o(.text)
    prvListTasksWithinSingleList             0x00001d61   Thumb Code   106  tasks.o(.text)
    .text                                    0x000026e0   Section        0  queue.o(.text)
    prvInitialiseNewQueue                    0x00002763   Thumb Code    48  queue.o(.text)
    prvCopyDataToQueue                       0x000027e7   Thumb Code   128  queue.o(.text)
    prvNotifyQueueSetContainer               0x00002867   Thumb Code   122  queue.o(.text)
    prvUnlockQueue                           0x000028e1   Thumb Code   166  queue.o(.text)
    prvIsQueueFull                           0x00002987   Thumb Code    30  queue.o(.text)
    prvInitialiseMutex                       0x00002b25   Thumb Code    32  queue.o(.text)
    prvGetDisinheritPriorityAfterTimeout     0x00002b9f   Thumb Code    22  queue.o(.text)
    prvIsQueueEmpty                          0x00002bb5   Thumb Code    28  queue.o(.text)
    prvCopyDataFromQueue                     0x00002f6f   Thumb Code    44  queue.o(.text)
    .text                                    0x0000353c   Section        0  timers.o(.text)
    prvInsertTimerInActiveList               0x0000353d   Thumb Code    76  timers.o(.text)
    prvSwitchTimerLists                      0x000035f7   Thumb Code   134  timers.o(.text)
    prvSampleTimeNow                         0x0000367d   Thumb Code    40  timers.o(.text)
    prvProcessReceivedCommands               0x000036a5   Thumb Code   220  timers.o(.text)
    prvProcessExpiredTimer                   0x00003781   Thumb Code    82  timers.o(.text)
    prvProcessTimerOrBlockTask               0x000037d3   Thumb Code   100  timers.o(.text)
    prvGetNextExpireTime                     0x00003837   Thumb Code    40  timers.o(.text)
    prvTimerTask                             0x0000385f   Thumb Code    26  timers.o(.text)
    prvCheckForValidListAndQueue             0x00003879   Thumb Code    76  timers.o(.text)
    prvInitialiseNewTimer                    0x000038f9   Thumb Code    64  timers.o(.text)
    .text                                    0x00003a68   Section        0  port.o(.text)
    prvTaskExitError                         0x00003a69   Thumb Code    32  port.o(.text)
    prvSetupTimerInterrupt                   0x00003aa5   Thumb Code    34  port.o(.text)
    .text                                    0x00003b94   Section        0  heap_2.o(.text)
    prvHeapInit                              0x00003b95   Thumb Code    38  heap_2.o(.text)
    .text                                    0x00003cc4   Section        0  uidiv.o(.text)
    .text                                    0x00003cf0   Section        0  memcpya.o(.text)
    .text                                    0x00003d14   Section        0  memseta.o(.text)
    .text                                    0x00003d38   Section        0  uldiv.o(.text)
    .text                                    0x00003d98   Section       36  init.o(.text)
    .text                                    0x00003dbc   Section        0  llshl.o(.text)
    .text                                    0x00003ddc   Section        0  llushr.o(.text)
    i.__0printf$5                            0x00003e00   Section        0  printf5.o(i.__0printf$5)
    i.__ARM_common_switch8                   0x00003e20   Section        0  tasks.o(i.__ARM_common_switch8)
    i.__scatterload_copy                     0x00003e3c   Section       14  handlers.o(i.__scatterload_copy)
    i.__scatterload_null                     0x00003e4a   Section        2  handlers.o(i.__scatterload_null)
    i.__scatterload_zeroinit                 0x00003e4c   Section       14  handlers.o(i.__scatterload_zeroinit)
    i._printf_core                           0x00003e5c   Section        0  printf5.o(i._printf_core)
    _printf_core                             0x00003e5d   Thumb Code   688  printf5.o(i._printf_core)
    .constdata                               0x00004138   Section       32  system_m0564.o(.constdata)
    .constdata                               0x00004158   Section       48  clk.o(.constdata)
    .constdata                               0x00004188   Section       48  uart.o(.constdata)
    .data                                    0x20000000   Section       12  system_m0564.o(.data)
    .data                                    0x2000000c   Section        8  retarget.o(.data)
    .data                                    0x20000014   Section       60  tasks.o(.data)
    pxDelayedTaskList                        0x20000018   Data           4  tasks.o(.data)
    pxOverflowDelayedTaskList                0x2000001c   Data           4  tasks.o(.data)
    uxDeletedTasksWaitingCleanUp             0x20000020   Data           4  tasks.o(.data)
    uxCurrentNumberOfTasks                   0x20000024   Data           4  tasks.o(.data)
    xTickCount                               0x20000028   Data           4  tasks.o(.data)
    uxTopReadyPriority                       0x2000002c   Data           4  tasks.o(.data)
    xSchedulerRunning                        0x20000030   Data           4  tasks.o(.data)
    uxPendedTicks                            0x20000034   Data           4  tasks.o(.data)
    xYieldPending                            0x20000038   Data           4  tasks.o(.data)
    xNumOfOverflows                          0x2000003c   Data           4  tasks.o(.data)
    uxTaskNumber                             0x20000040   Data           4  tasks.o(.data)
    xNextTaskUnblockTime                     0x20000044   Data           4  tasks.o(.data)
    xIdleTaskHandle                          0x20000048   Data           4  tasks.o(.data)
    uxSchedulerSuspended                     0x2000004c   Data           4  tasks.o(.data)
    .data                                    0x20000050   Section       20  timers.o(.data)
    pxCurrentTimerList                       0x20000050   Data           4  timers.o(.data)
    pxOverflowTimerList                      0x20000054   Data           4  timers.o(.data)
    xTimerQueue                              0x20000058   Data           4  timers.o(.data)
    xTimerTaskHandle                         0x2000005c   Data           4  timers.o(.data)
    xLastTime                                0x20000060   Data           4  timers.o(.data)
    .data                                    0x20000064   Section        4  port.o(.data)
    uxCriticalNesting                        0x20000064   Data           4  port.o(.data)
    .data                                    0x20000068   Section       24  heap_2.o(.data)
    xStart                                   0x20000068   Data           8  heap_2.o(.data)
    xEnd                                     0x20000070   Data           8  heap_2.o(.data)
    xFreeBytesRemaining                      0x20000078   Data           4  heap_2.o(.data)
    xHeapHasBeenInitialised                  0x2000007c   Data           4  heap_2.o(.data)
    .bss                                     0x20000080   Section      200  tasks.o(.bss)
    pxReadyTasksLists                        0x20000080   Data         100  tasks.o(.bss)
    xDelayedTaskList1                        0x200000e4   Data          20  tasks.o(.bss)
    xDelayedTaskList2                        0x200000f8   Data          20  tasks.o(.bss)
    xPendingReadyList                        0x2000010c   Data          20  tasks.o(.bss)
    xTasksWaitingTermination                 0x20000120   Data          20  tasks.o(.bss)
    xSuspendedTaskList                       0x20000134   Data          20  tasks.o(.bss)
    .bss                                     0x20000148   Section       64  queue.o(.bss)
    .bss                                     0x20000188   Section       40  timers.o(.bss)
    xActiveTimerList1                        0x20000188   Data          20  timers.o(.bss)
    xActiveTimerList2                        0x2000019c   Data          20  timers.o(.bss)
    .bss                                     0x200001b0   Section     5120  heap_2.o(.bss)
    ucHeap                                   0x200001b0   Data        5120  heap_2.o(.bss)
    STACK                                    0x200015b0   Section     1024  startup_m0564.o(STACK)

    Global Symbols

    Symbol Name                              Value     Ov Type        Size  Object(Section)

    BuildAttributes$$THM_ISAv3M$S$PE$A:L22$X:L11$S22$IEEE1$IW$USESV6$~STKCKD$USESV7$~SHL$OSPACE$ROPI$EBA8$MICROLIB$REQ8$PRES8$EABIv2 0x00000000   Number         0  anon$$obj.o ABSOLUTE
    __ARM_use_no_argv                        0x00000000   Number         0  main.o ABSOLUTE
    __Vectors                                0x00000000   Data           4  startup_m0564.o(RESET)
    _printf_a                                0x00000000   Number         0  stubs.o ABSOLUTE
    _printf_c                                0x00000000   Number         0  stubs.o ABSOLUTE
    _printf_charcount                        0x00000000   Number         0  stubs.o ABSOLUTE
    _printf_d                                0x00000000   Number         0  stubs.o ABSOLUTE
    _printf_e                                0x00000000   Number         0  stubs.o ABSOLUTE
    _printf_f                                0x00000000   Number         0  stubs.o ABSOLUTE
    _printf_flags                            0x00000000   Number         0  stubs.o ABSOLUTE
    _printf_fp_dec                           0x00000000   Number         0  stubs.o ABSOLUTE
    _printf_fp_hex                           0x00000000   Number         0  stubs.o ABSOLUTE
    _printf_g                                0x00000000   Number         0  stubs.o ABSOLUTE
    _printf_i                                0x00000000   Number         0  stubs.o ABSOLUTE
    _printf_int_dec                          0x00000000   Number         0  stubs.o ABSOLUTE
    _printf_l                                0x00000000   Number         0  stubs.o ABSOLUTE
    _printf_lc                               0x00000000   Number         0  stubs.o ABSOLUTE
    _printf_ll                               0x00000000   Number         0  stubs.o ABSOLUTE
    _printf_lld                              0x00000000   Number         0  stubs.o ABSOLUTE
    _printf_lli                              0x00000000   Number         0  stubs.o ABSOLUTE
    _printf_llo                              0x00000000   Number         0  stubs.o ABSOLUTE
    _printf_llu                              0x00000000   Number         0  stubs.o ABSOLUTE
    _printf_llx                              0x00000000   Number         0  stubs.o ABSOLUTE
    _printf_longlong_dec                     0x00000000   Number         0  stubs.o ABSOLUTE
    _printf_longlong_hex                     0x00000000   Number         0  stubs.o ABSOLUTE
    _printf_longlong_oct                     0x00000000   Number         0  stubs.o ABSOLUTE
    _printf_ls                               0x00000000   Number         0  stubs.o ABSOLUTE
    _printf_mbtowc                           0x00000000   Number         0  stubs.o ABSOLUTE
    _printf_n                                0x00000000   Number         0  stubs.o ABSOLUTE
    _printf_o                                0x00000000   Number         0  stubs.o ABSOLUTE
    _printf_p                                0x00000000   Number         0  stubs.o ABSOLUTE
    _printf_percent                          0x00000000   Number         0  stubs.o ABSOLUTE
    _printf_pre_padding                      0x00000000   Number         0  stubs.o ABSOLUTE
    _printf_return_value                     0x00000000   Number         0  stubs.o ABSOLUTE
    _printf_s                                0x00000000   Number         0  stubs.o ABSOLUTE
    _printf_sizespec                         0x00000000   Number         0  stubs.o ABSOLUTE
    _printf_str                              0x00000000   Number         0  stubs.o ABSOLUTE
    _printf_truncate_signed                  0x00000000   Number         0  stubs.o ABSOLUTE
    _printf_truncate_unsigned                0x00000000   Number         0  stubs.o ABSOLUTE
    _printf_u                                0x00000000   Number         0  stubs.o ABSOLUTE
    _printf_wc                               0x00000000   Number         0  stubs.o ABSOLUTE
    _printf_wctomb                           0x00000000   Number         0  stubs.o ABSOLUTE
    _printf_widthprec                        0x00000000   Number         0  stubs.o ABSOLUTE
    _printf_x                                0x00000000   Number         0  stubs.o ABSOLUTE
    __cpp_initialize__aeabi_                  - Undefined Weak Reference
    __cxa_finalize                            - Undefined Weak Reference
    __decompress                              - Undefined Weak Reference
    _clock_init                               - Undefined Weak Reference
    _microlib_exit                            - Undefined Weak Reference
    __main                                   0x000000c1   Thumb Code     0  entry.o(.ARM.Collect$$$$00000000)
    _main_stk                                0x000000c1   Thumb Code     0  entry2.o(.ARM.Collect$$$$00000001)
    _main_scatterload                        0x000000c5   Thumb Code     0  entry5.o(.ARM.Collect$$$$00000004)
    __main_after_scatterload                 0x000000c9   Thumb Code     0  entry5.o(.ARM.Collect$$$$00000004)
    _main_clock                              0x000000c9   Thumb Code     0  entry7b.o(.ARM.Collect$$$$00000008)
    _main_cpp_init                           0x000000c9   Thumb Code     0  entry8b.o(.ARM.Collect$$$$0000000A)
    _main_init                               0x000000c9   Thumb Code     0  entry9a.o(.ARM.Collect$$$$0000000B)
    __rt_final_cpp                           0x000000d1   Thumb Code     0  entry10a.o(.ARM.Collect$$$$0000000D)
    __rt_final_exit                          0x000000d1   Thumb Code     0  entry11a.o(.ARM.Collect$$$$0000000F)
    HardFault_Handler                        0x000000d5   Thumb Code    24  retarget.o(.emb_text)
    __asm___6_port_c_39a90d8d__prvPortStartFirstTask 0x000000f1   Thumb Code    36  port.o(.emb_text)
    ulSetInterruptMaskFromISR                0x00000119   Thumb Code     8  port.o(.emb_text)
    vClearInterruptMaskFromISR               0x00000121   Thumb Code     6  port.o(.emb_text)
    PendSV_Handler                           0x00000127   Thumb Code    62  port.o(.emb_text)
    Reset_Handler                            0x00000169   Thumb Code     8  startup_m0564.o(.text)
    NMI_Handler                              0x00000171   Thumb Code     2  startup_m0564.o(.text)
    ACMP01_IRQHandler                        0x0000017b   Thumb Code     0  startup_m0564.o(.text)
    ADC_IRQHandler                           0x0000017b   Thumb Code     0  startup_m0564.o(.text)
    BOD_IRQHandler                           0x0000017b   Thumb Code     0  startup_m0564.o(.text)
    CLKDIRC_IRQHandler                       0x0000017b   Thumb Code     0  startup_m0564.o(.text)
    EINT024_IRQHandler                       0x0000017b   Thumb Code     0  startup_m0564.o(.text)
    EINT135_IRQHandler                       0x0000017b   Thumb Code     0  startup_m0564.o(.text)
    GPAB_IRQHandler                          0x0000017b   Thumb Code     0  startup_m0564.o(.text)
    GPCDEF_IRQHandler                        0x0000017b   Thumb Code     0  startup_m0564.o(.text)
    I2C0_IRQHandler                          0x0000017b   Thumb Code     0  startup_m0564.o(.text)
    I2C1_IRQHandler                          0x0000017b   Thumb Code     0  startup_m0564.o(.text)
    PDMA_IRQHandler                          0x0000017b   Thumb Code     0  startup_m0564.o(.text)
    PWM0_IRQHandler                          0x0000017b   Thumb Code     0  startup_m0564.o(.text)
    PWM1_IRQHandler                          0x0000017b   Thumb Code     0  startup_m0564.o(.text)
    PWRWU_IRQHandler                         0x0000017b   Thumb Code     0  startup_m0564.o(.text)
    RTC_IRQHandler                           0x0000017b   Thumb Code     0  startup_m0564.o(.text)
    SC01_IRQHandler                          0x0000017b   Thumb Code     0  startup_m0564.o(.text)
    SPI0_IRQHandler                          0x0000017b   Thumb Code     0  startup_m0564.o(.text)
    SPI1_IRQHandler                          0x0000017b   Thumb Code     0  startup_m0564.o(.text)
    TMR0_IRQHandler                          0x0000017b   Thumb Code     0  startup_m0564.o(.text)
    TMR1_IRQHandler                          0x0000017b   Thumb Code     0  startup_m0564.o(.text)
    TMR2_IRQHandler                          0x0000017b   Thumb Code     0  startup_m0564.o(.text)
    TMR3_IRQHandler                          0x0000017b   Thumb Code     0  startup_m0564.o(.text)
    UART02_IRQHandler                        0x0000017b   Thumb Code     0  startup_m0564.o(.text)
    UART1_IRQHandler                         0x0000017b   Thumb Code     0  startup_m0564.o(.text)
    USBD_IRQHandler                          0x0000017b   Thumb Code     0  startup_m0564.o(.text)
    USCI_IRQHandler                          0x0000017b   Thumb Code     0  startup_m0564.o(.text)
    WDT_IRQHandler                           0x0000017b   Thumb Code     0  startup_m0564.o(.text)
    SystemCoreClockUpdate                    0x00000185   Thumb Code    76  system_m0564.o(.text)
    SystemInit                               0x000001d1   Thumb Code     2  system_m0564.o(.text)
    SYS_Init                                 0x00000269   Thumb Code    86  main.o(.text)
    UART0_Init                               0x000002bf   Thumb Code    20  main.o(.text)
    vStartLEDFlashTasks                      0x000002d3   Thumb Code    58  main.o(.text)
    main                                     0x0000030d   Thumb Code    98  main.o(.text)
    vApplicationMallocFailedHook             0x0000036f   Thumb Code    12  main.o(.text)
    vApplicationIdleHook                     0x0000037b   Thumb Code     2  main.o(.text)
    vApplicationTickHook                     0x0000037d   Thumb Code     2  main.o(.text)
    Hard_Fault_Handler                       0x000004db   Thumb Code    18  retarget.o(.text)
    SendChar_ToUART                          0x000004ed   Thumb Code    48  retarget.o(.text)
    SendChar                                 0x0000051d   Thumb Code    12  retarget.o(.text)
    GetChar                                  0x00000529   Thumb Code    26  retarget.o(.text)
    kbhit                                    0x00000543   Thumb Code    14  retarget.o(.text)
    IsDebugFifoEmpty                         0x00000551   Thumb Code    14  retarget.o(.text)
    _ttywrch                                 0x0000055f   Thumb Code    12  retarget.o(.text)
    fputc                                    0x0000056b   Thumb Code    16  retarget.o(.text)
    fgetc                                    0x0000057b   Thumb Code    10  retarget.o(.text)
    ferror                                   0x00000585   Thumb Code     8  retarget.o(.text)
    GPIO_SetMode                             0x00000609   Thumb Code    46  gpio.o(.text)
    GPIO_EnableInt                           0x00000637   Thumb Code    26  gpio.o(.text)
    GPIO_DisableInt                          0x00000651   Thumb Code    22  gpio.o(.text)
    CLK_DisableCKO                           0x0000066d   Thumb Code    14  clk.o(.text)
    CLK_EnableCKO                            0x0000067b   Thumb Code    42  clk.o(.text)
    CLK_PowerDown                            0x000006a5   Thumb Code    28  clk.o(.text)
    CLK_Idle                                 0x000006c1   Thumb Code    28  clk.o(.text)
    CLK_GetHXTFreq                           0x000006dd   Thumb Code    20  clk.o(.text)
    CLK_GetLXTFreq                           0x000006f1   Thumb Code    20  clk.o(.text)
    CLK_GetHCLKFreq                          0x00000705   Thumb Code    12  clk.o(.text)
    CLK_GetPCLK0Freq                         0x00000711   Thumb Code    32  clk.o(.text)
    CLK_GetPCLK1Freq                         0x00000731   Thumb Code    32  clk.o(.text)
    CLK_GetCPUFreq                           0x00000751   Thumb Code    12  clk.o(.text)
    CLK_WaitClockReady                       0x0000075d   Thumb Code    32  clk.o(.text)
    CLK_SetHCLK                              0x0000077d   Thumb Code    94  clk.o(.text)
    CLK_DisablePLL                           0x000007db   Thumb Code    16  clk.o(.text)
    CLK_EnablePLL                            0x000007eb   Thumb Code   338  clk.o(.text)
    CLK_SetCoreClock                         0x0000093d   Thumb Code   144  clk.o(.text)
    CLK_SetModuleClock                       0x000009cd   Thumb Code   192  clk.o(.text)
    CLK_SetSysTickClockSrc                   0x00000a8d   Thumb Code    16  clk.o(.text)
    CLK_EnableXtalRC                         0x00000a9d   Thumb Code    12  clk.o(.text)
    CLK_DisableXtalRC                        0x00000aa9   Thumb Code    12  clk.o(.text)
    CLK_EnableModuleClock                    0x00000ab5   Thumb Code    56  clk.o(.text)
    CLK_DisableModuleClock                   0x00000aed   Thumb Code    58  clk.o(.text)
    CLK_EnableSysTick                        0x00000b27   Thumb Code    62  clk.o(.text)
    CLK_DisableSysTick                       0x00000b65   Thumb Code     8  clk.o(.text)
    SYS_ClearResetSrc                        0x00000bf5   Thumb Code     8  sys.o(.text)
    SYS_GetBODStatus                         0x00000bfd   Thumb Code    14  sys.o(.text)
    SYS_GetResetSrc                          0x00000c0b   Thumb Code     8  sys.o(.text)
    SYS_IsRegLocked                          0x00000c13   Thumb Code    14  sys.o(.text)
    SYS_ReadPDID                             0x00000c21   Thumb Code     8  sys.o(.text)
    SYS_ResetChip                            0x00000c29   Thumb Code    18  sys.o(.text)
    SYS_ResetCPU                             0x00000c3b   Thumb Code    18  sys.o(.text)
    SYS_ResetModule                          0x00000c4d   Thumb Code    48  sys.o(.text)
    SYS_EnableBOD                            0x00000c7d   Thumb Code    50  sys.o(.text)
    SYS_DisableBOD                           0x00000caf   Thumb Code    18  sys.o(.text)
    UART_ClearIntFlag                        0x00000d35   Thumb Code    80  uart.o(.text)
    UART_Close                               0x00000d85   Thumb Code     6  uart.o(.text)
    UART_DisableFlowCtrl                     0x00000d8b   Thumb Code    12  uart.o(.text)
    UART_DisableInt                          0x00000d97   Thumb Code    48  uart.o(.text)
    UART_EnableFlowCtrl                      0x00000dc7   Thumb Code    30  uart.o(.text)
    UART_EnableInt                           0x00000de5   Thumb Code    48  uart.o(.text)
    UART_Open                                0x00000e15   Thumb Code   166  uart.o(.text)
    UART_Read                                0x00000ebb   Thumb Code    54  uart.o(.text)
    UART_SetLine_Config                      0x00000ef1   Thumb Code   172  uart.o(.text)
    UART_SetTimeoutCnt                       0x00000f9d   Thumb Code    22  uart.o(.text)
    UART_SelectIrDAMode                      0x00000fb3   Thumb Code   154  uart.o(.text)
    UART_SelectRS485Mode                     0x0000104d   Thumb Code    26  uart.o(.text)
    UART_SelectLINMode                       0x00001067   Thumb Code    26  uart.o(.text)
    UART_Write                               0x00001081   Thumb Code   100  uart.o(.text)
    vListInitialise                          0x00001109   Thumb Code    26  list.o(.text)
    vListInitialiseItem                      0x00001123   Thumb Code     6  list.o(.text)
    vListInsertEnd                           0x00001129   Thumb Code    24  list.o(.text)
    vListInsert                              0x00001141   Thumb Code    54  list.o(.text)
    uxListRemove                             0x00001177   Thumb Code    40  list.o(.text)
    xTaskCreate                              0x00001331   Thumb Code    92  tasks.o(.text)
    vTaskDelete                              0x000013cd   Thumb Code   150  tasks.o(.text)
    xTaskIncrementTick                       0x00001463   Thumb Code   286  tasks.o(.text)
    xTaskResumeAll                           0x00001581   Thumb Code   286  tasks.o(.text)
    vTaskSuspendAll                          0x00001703   Thumb Code    12  tasks.o(.text)
    vTaskDelayUntil                          0x0000170f   Thumb Code   146  tasks.o(.text)
    vTaskDelay                               0x000017a1   Thumb Code    62  tasks.o(.text)
    eTaskGetState                            0x000017df   Thumb Code   118  tasks.o(.text)
    uxTaskPriorityGet                        0x00001855   Thumb Code    32  tasks.o(.text)
    uxTaskPriorityGetFromISR                 0x00001875   Thumb Code    36  tasks.o(.text)
    vTaskPrioritySet                         0x00001899   Thumb Code   214  tasks.o(.text)
    vTaskSwitchContext                       0x0000196f   Thumb Code   166  tasks.o(.text)
    vTaskSuspend                             0x00001a15   Thumb Code   160  tasks.o(.text)
    vTaskResume                              0x00001aff   Thumb Code   102  tasks.o(.text)
    xTaskResumeFromISR                       0x00001b65   Thumb Code   116  tasks.o(.text)
    vTaskStartScheduler                      0x00001c2d   Thumb Code    90  tasks.o(.text)
    vTaskEndScheduler                        0x00001c87   Thumb Code    16  tasks.o(.text)
    xTaskGetTickCount                        0x00001c97   Thumb Code     6  tasks.o(.text)
    xTaskGetTickCountFromISR                 0x00001c9d   Thumb Code     8  tasks.o(.text)
    uxTaskGetNumberOfTasks                   0x00001ca5   Thumb Code     6  tasks.o(.text)
    pcTaskGetName                            0x00001cab   Thumb Code    32  tasks.o(.text)
    vTaskGetInfo                             0x00001ce1   Thumb Code   128  tasks.o(.text)
    uxTaskGetSystemState                     0x00001dcb   Thumb Code   208  tasks.o(.text)
    vTaskPlaceOnEventList                    0x00001e9b   Thumb Code    38  tasks.o(.text)
    vTaskPlaceOnUnorderedEventList           0x00001ec1   Thumb Code    76  tasks.o(.text)
    vTaskPlaceOnEventListRestricted          0x00001f0d   Thumb Code    48  tasks.o(.text)
    xTaskRemoveFromEventList                 0x00001f3d   Thumb Code   112  tasks.o(.text)
    vTaskRemoveFromUnorderedEventList        0x00001fad   Thumb Code   114  tasks.o(.text)
    vTaskSetTimeOutState                     0x0000201f   Thumb Code    36  tasks.o(.text)
    vTaskInternalSetTimeOutState             0x00002043   Thumb Code    14  tasks.o(.text)
    xTaskCheckForTimeOut                     0x00002051   Thumb Code   106  tasks.o(.text)
    vTaskMissedYield                         0x000020bb   Thumb Code     8  tasks.o(.text)
    uxTaskGetTaskNumber                      0x000020c3   Thumb Code    16  tasks.o(.text)
    vTaskSetTaskNumber                       0x000020d3   Thumb Code    10  tasks.o(.text)
    xTaskGetCurrentTaskHandle                0x000020dd   Thumb Code     6  tasks.o(.text)
    xTaskGetSchedulerState                   0x000020e3   Thumb Code    28  tasks.o(.text)
    xTaskPriorityInherit                     0x000020ff   Thumb Code   150  tasks.o(.text)
    xTaskPriorityDisinherit                  0x00002195   Thumb Code   124  tasks.o(.text)
    vTaskPriorityDisinheritAfterTimeout      0x00002211   Thumb Code   212  tasks.o(.text)
    uxTaskResetEventItemValue                0x000022e5   Thumb Code    24  tasks.o(.text)
    pvTaskIncrementMutexHeldCount            0x000022fd   Thumb Code    28  tasks.o(.text)
    ulTaskNotifyTake                         0x00002319   Thumb Code   102  tasks.o(.text)
    xTaskNotifyWait                          0x0000237f   Thumb Code   138  tasks.o(.text)
    xTaskGenericNotify                       0x00002409   Thumb Code   226  tasks.o(.text)
    xTaskGenericNotifyFromISR                0x000024eb   Thumb Code   264  tasks.o(.text)
    vTaskNotifyGiveFromISR                   0x000025f3   Thumb Code   182  tasks.o(.text)
    xTaskNotifyStateClear                    0x000026a9   Thumb Code    50  tasks.o(.text)
    xQueueGenericReset                       0x000026e1   Thumb Code   130  queue.o(.text)
    xQueueGenericCreate                      0x00002793   Thumb Code    84  queue.o(.text)
    xQueueGenericSend                        0x000029a5   Thumb Code   384  queue.o(.text)
    xQueueCreateMutex                        0x00002b45   Thumb Code    30  queue.o(.text)
    xQueueGiveMutexRecursive                 0x00002b63   Thumb Code    60  queue.o(.text)
    xQueueSemaphoreTake                      0x00002bd1   Thumb Code   382  queue.o(.text)
    xQueueTakeMutexRecursive                 0x00002d4f   Thumb Code    62  queue.o(.text)
    xQueueCreateCountingSemaphore            0x00002d8d   Thumb Code    68  queue.o(.text)
    xQueueGenericSendFromISR                 0x00002dd1   Thumb Code   216  queue.o(.text)
    xQueueGiveFromISR                        0x00002ea9   Thumb Code   198  queue.o(.text)
    xQueueReceive                            0x00002f9b   Thumb Code   312  queue.o(.text)
    xQueuePeek                               0x000030d3   Thumb Code   316  queue.o(.text)
    xQueueReceiveFromISR                     0x0000320f   Thumb Code   158  queue.o(.text)
    xQueuePeekFromISR                        0x000032ad   Thumb Code   108  queue.o(.text)
    uxQueueMessagesWaiting                   0x00003319   Thumb Code    28  queue.o(.text)
    uxQueueSpacesAvailable                   0x00003335   Thumb Code    34  queue.o(.text)
    uxQueueMessagesWaitingFromISR            0x00003357   Thumb Code    18  queue.o(.text)
    vQueueUnregisterQueue                    0x00003369   Thumb Code    46  queue.o(.text)
    vQueueDelete                             0x00003397   Thumb Code    30  queue.o(.text)
    uxQueueGetQueueNumber                    0x000033b5   Thumb Code     6  queue.o(.text)
    vQueueSetQueueNumber                     0x000033bb   Thumb Code     4  queue.o(.text)
    ucQueueGetQueueType                      0x000033bf   Thumb Code     8  queue.o(.text)
    xQueueIsQueueEmptyFromISR                0x000033c7   Thumb Code    28  queue.o(.text)
    xQueueIsQueueFullFromISR                 0x000033e3   Thumb Code    32  queue.o(.text)
    vQueueAddToRegistry                      0x00003403   Thumb Code    40  queue.o(.text)
    pcQueueGetName                           0x0000342b   Thumb Code    38  queue.o(.text)
    vQueueWaitForMessageRestricted           0x00003451   Thumb Code    76  queue.o(.text)
    xQueueCreateSet                          0x0000349d   Thumb Code    20  queue.o(.text)
    xQueueAddToSet                           0x000034b1   Thumb Code    42  queue.o(.text)
    xQueueRemoveFromSet                      0x000034db   Thumb Code    46  queue.o(.text)
    xQueueSelectFromSet                      0x00003509   Thumb Code    24  queue.o(.text)
    xQueueSelectFromSetFromISR               0x00003521   Thumb Code    22  queue.o(.text)
    xTimerGenericCommand                     0x00003589   Thumb Code   110  timers.o(.text)
    xTimerCreateTimerTask                    0x000038c5   Thumb Code    52  timers.o(.text)
    xTimerCreate                             0x00003939   Thumb Code    94  timers.o(.text)
    xTimerGetTimerDaemonTaskHandle           0x00003997   Thumb Code    30  timers.o(.text)
    xTimerGetPeriod                          0x000039b5   Thumb Code    18  timers.o(.text)
    xTimerGetExpiryTime                      0x000039c7   Thumb Code    18  timers.o(.text)
    pcTimerGetName                           0x000039d9   Thumb Code    18  timers.o(.text)
    xTimerIsTimerActive                      0x000039eb   Thumb Code    50  timers.o(.text)
    pvTimerGetTimerID                        0x00003a1d   Thumb Code    30  timers.o(.text)
    vTimerSetTimerID                         0x00003a3b   Thumb Code    30  timers.o(.text)
    uxTimerGetTimerNumber                    0x00003a59   Thumb Code     6  timers.o(.text)
    vTimerSetTimerNumber                     0x00003a5f   Thumb Code     4  timers.o(.text)
    pxPortInitialiseStack                    0x00003a89   Thumb Code    26  port.o(.text)
    SVC_Handler                              0x00003aa3   Thumb Code     2  port.o(.text)
    xPortStartScheduler                      0x00003ac7   Thumb Code    48  port.o(.text)
    vPortEndScheduler                        0x00003af7   Thumb Code    30  port.o(.text)
    vPortYield                               0x00003b15   Thumb Code    18  port.o(.text)
    vPortEnterCritical                       0x00003b27   Thumb Code    22  port.o(.text)
    vPortExitCritical                        0x00003b3d   Thumb Code    36  port.o(.text)
    SysTick_Handler                          0x00003b61   Thumb Code    32  port.o(.text)
    pvPortMalloc                             0x00003bbb   Thumb Code   176  heap_2.o(.text)
    vPortFree                                0x00003c6b   Thumb Code    58  heap_2.o(.text)
    xPortGetFreeHeapSize                     0x00003ca5   Thumb Code     6  heap_2.o(.text)
    vPortInitialiseBlocks                    0x00003cab   Thumb Code     2  heap_2.o(.text)
    __aeabi_uidiv                            0x00003cc5   Thumb Code     0  uidiv.o(.text)
    __aeabi_uidivmod                         0x00003cc5   Thumb Code    44  uidiv.o(.text)
    __aeabi_memcpy                           0x00003cf1   Thumb Code    36  memcpya.o(.text)
    __aeabi_memcpy4                          0x00003cf1   Thumb Code     0  memcpya.o(.text)
    __aeabi_memcpy8                          0x00003cf1   Thumb Code     0  memcpya.o(.text)
    __aeabi_memset                           0x00003d15   Thumb Code    14  memseta.o(.text)
    __aeabi_memset4                          0x00003d15   Thumb Code     0  memseta.o(.text)
    __aeabi_memset8                          0x00003d15   Thumb Code     0  memseta.o(.text)
    __aeabi_memclr                           0x00003d23   Thumb Code     4  memseta.o(.text)
    __aeabi_memclr4                          0x00003d23   Thumb Code     0  memseta.o(.text)
    __aeabi_memclr8                          0x00003d23   Thumb Code     0  memseta.o(.text)
    memset                                   0x00003d27   Thumb Code    18  memseta.o(.text)
    __aeabi_uldivmod                         0x00003d39   Thumb Code    96  uldiv.o(.text)
    __scatterload                            0x00003d99   Thumb Code    28  init.o(.text)
    __scatterload_rt2                        0x00003d99   Thumb Code     0  init.o(.text)
    __aeabi_llsl                             0x00003dbd   Thumb Code    32  llshl.o(.text)
    _ll_shift_l                              0x00003dbd   Thumb Code     0  llshl.o(.text)
    __aeabi_llsr                             0x00003ddd   Thumb Code    34  llushr.o(.text)
    _ll_ushift_r                             0x00003ddd   Thumb Code     0  llushr.o(.text)
    __0printf$5                              0x00003e01   Thumb Code    24  printf5.o(i.__0printf$5)
    __1printf$5                              0x00003e01   Thumb Code     0  printf5.o(i.__0printf$5)
    __2printf                                0x00003e01   Thumb Code     0  printf5.o(i.__0printf$5)
    __ARM_common_switch8                     0x00003e21   Thumb Code    28  tasks.o(i.__ARM_common_switch8)
    __scatterload_copy                       0x00003e3d   Thumb Code    14  handlers.o(i.__scatterload_copy)
    __scatterload_null                       0x00003e4b   Thumb Code     2  handlers.o(i.__scatterload_null)
    __scatterload_zeroinit                   0x00003e4d   Thumb Code    14  handlers.o(i.__scatterload_zeroinit)
    gau32ClkSrcTbl                           0x00004138   Data          32  system_m0564.o(.constdata)
    Region$$Table$$Base                      0x000041b8   Number         0  anon$$obj.o(Region$$Table)
    Region$$Table$$Limit                     0x000041d8   Number         0  anon$$obj.o(Region$$Table)
    SystemCoreClock                          0x20000000   Data           4  system_m0564.o(.data)
    CyclesPerUs                              0x20000004   Data           4  system_m0564.o(.data)
    PllClock                                 0x20000008   Data           4  system_m0564.o(.data)
    __stdout                                 0x2000000c   Data           4  retarget.o(.data)
    __stdin                                  0x20000010   Data           4  retarget.o(.data)
    pxCurrentTCB                             0x20000014   Data           4  tasks.o(.data)
    xQueueRegistry                           0x20000148   Data          64  queue.o(.bss)
    __initial_sp                             0x200019b0   Data           0  startup_m0564.o(STACK)



==============================================================================

Memory Map of the image

  Image Entry point : 0x00000169

  Load Region LR_1 (Base: 0x00000000, Size: 0x00004258, Max: 0xffffffff, ABSOLUTE)

    Execution Region ER_RO (Exec base: 0x00000000, Load base: 0x00000000, Size: 0x000041d8, Max: 0xffffffff, ABSOLUTE)

    Exec Addr    Load Addr    Size         Type   Attr      Idx    E Section Name        Object

    0x00000000   0x00000000   0x000000c0   Data   RO            3    RESET               startup_m0564.o
    0x000000c0   0x000000c0   0x00000000   Code   RO          593  * .ARM.Collect$$$$00000000  mc_p.l(entry.o)
    0x000000c0   0x000000c0   0x00000004   Code   RO          865    .ARM.Collect$$$$00000001  mc_p.l(entry2.o)
    0x000000c4   0x000000c4   0x00000004   Code   RO          868    .ARM.Collect$$$$00000004  mc_p.l(entry5.o)
    0x000000c8   0x000000c8   0x00000000   Code   RO          870    .ARM.Collect$$$$00000008  mc_p.l(entry7b.o)
    0x000000c8   0x000000c8   0x00000000   Code   RO          872    .ARM.Collect$$$$0000000A  mc_p.l(entry8b.o)
    0x000000c8   0x000000c8   0x00000008   Code   RO          873    .ARM.Collect$$$$0000000B  mc_p.l(entry9a.o)
    0x000000d0   0x000000d0   0x00000000   Code   RO          875    .ARM.Collect$$$$0000000D  mc_p.l(entry10a.o)
    0x000000d0   0x000000d0   0x00000000   Code   RO          877    .ARM.Collect$$$$0000000F  mc_p.l(entry11a.o)
    0x000000d0   0x000000d0   0x00000004   Code   RO          866    .ARM.Collect$$$$00002712  mc_p.l(entry2.o)
    0x000000d4   0x000000d4   0x0000001c   Code   RO          203    .emb_text           retarget.o
    0x000000f0   0x000000f0   0x00000078   Code   RO          462    .emb_text           port.o
    0x00000168   0x00000168   0x0000001c   Code   RO            4  * .text               startup_m0564.o
    0x00000184   0x00000184   0x000000e4   Code   RO           12    .text               system_m0564.o
    0x00000268   0x00000268   0x0000022c   Code   RO          134    .text               main.o
    0x00000494   0x00000494   0x00000174   Code   RO          204    .text               retarget.o
    0x00000608   0x00000608   0x00000064   Code   RO          234    .text               gpio.o
    0x0000066c   0x0000066c   0x00000588   Code   RO          275    .text               clk.o
    0x00000bf4   0x00000bf4   0x000000d0   Code   RO          296    .text               sys.o
    0x00000cc4   0x00000cc4   0x00000444   Code   RO          316    .text               uart.o
    0x00001108   0x00001108   0x00000096   Code   RO          343    .text               list.o
    0x0000119e   0x0000119e   0x00000002   PAD
    0x000011a0   0x000011a0   0x00001540   Code   RO          375    .text               tasks.o
    0x000026e0   0x000026e0   0x00000e5c   Code   RO          410    .text               queue.o
    0x0000353c   0x0000353c   0x0000052c   Code   RO          436    .text               timers.o
    0x00003a68   0x00003a68   0x0000012c   Code   RO          463    .text               port.o
    0x00003b94   0x00003b94   0x00000130   Code   RO          497    .text               heap_2.o
    0x00003cc4   0x00003cc4   0x0000002c   Code   RO          594    .text               mc_p.l(uidiv.o)
    0x00003cf0   0x00003cf0   0x00000024   Code   RO          596    .text               mc_p.l(memcpya.o)
    0x00003d14   0x00003d14   0x00000024   Code   RO          600    .text               mc_p.l(memseta.o)
    0x00003d38   0x00003d38   0x00000060   Code   RO          879    .text               mc_p.l(uldiv.o)
    0x00003d98   0x00003d98   0x00000024   Code   RO          892    .text               mc_p.l(init.o)
    0x00003dbc   0x00003dbc   0x00000020   Code   RO          894    .text               mc_p.l(llshl.o)
    0x00003ddc   0x00003ddc   0x00000022   Code   RO          896    .text               mc_p.l(llushr.o)
    0x00003dfe   0x00003dfe   0x00000002   PAD
    0x00003e00   0x00003e00   0x00000020   Code   RO          737    i.__0printf$5       mc_p.l(printf5.o)
    0x00003e20   0x00003e20   0x0000001c   Code   RO          394    i.__ARM_common_switch8  tasks.o
    0x00003e3c   0x00003e3c   0x0000000e   Code   RO          906    i.__scatterload_copy  mc_p.l(handlers.o)
    0x00003e4a   0x00003e4a   0x00000002   Code   RO          907    i.__scatterload_null  mc_p.l(handlers.o)
    0x00003e4c   0x00003e4c   0x0000000e   Code   RO          908    i.__scatterload_zeroinit  mc_p.l(handlers.o)
    0x00003e5a   0x00003e5a   0x00000002   PAD
    0x00003e5c   0x00003e5c   0x000002dc   Code   RO          744    i._printf_core      mc_p.l(printf5.o)
    0x00004138   0x00004138   0x00000020   Data   RO           13    .constdata          system_m0564.o
    0x00004158   0x00004158   0x00000030   Data   RO          276    .constdata          clk.o
    0x00004188   0x00004188   0x00000030   Data   RO          317    .constdata          uart.o
    0x000041b8   0x000041b8   0x00000020   Data   RO          904    Region$$Table       anon$$obj.o


    Execution Region ER_RW (Exec base: 0x20000000, Load base: 0x000041d8, Size: 0x00000080, Max: 0xffffffff, ABSOLUTE)

    Exec Addr    Load Addr    Size         Type   Attr      Idx    E Section Name        Object

    0x20000000   0x000041d8   0x0000000c   Data   RW           14    .data               system_m0564.o
    0x2000000c   0x000041e4   0x00000008   Data   RW          205    .data               retarget.o
    0x20000014   0x000041ec   0x0000003c   Data   RW          377    .data               tasks.o
    0x20000050   0x00004228   0x00000014   Data   RW          438    .data               timers.o
    0x20000064   0x0000423c   0x00000004   Data   RW          464    .data               port.o
    0x20000068   0x00004240   0x00000018   Data   RW          499    .data               heap_2.o


    Execution Region ER_ZI (Exec base: 0x20000080, Load base: 0x00004258, Size: 0x00001930, Max: 0xffffffff, ABSOLUTE)

    Exec Addr    Load Addr    Size         Type   Attr      Idx    E Section Name        Object

    0x20000080        -       0x000000c8   Zero   RW          376    .bss                tasks.o
    0x20000148        -       0x00000040   Zero   RW          411    .bss                queue.o
    0x20000188        -       0x00000028   Zero   RW          437    .bss                timers.o
    0x200001b0        -       0x00001400   Zero   RW          498    .bss                heap_2.o
    0x200015b0        -       0x00000400   Zero   RW            1    STACK               startup_m0564.o


==============================================================================

Image component sizes


      Code (inc. data)   RO Data    RW Data    ZI Data      Debug   Object Name

      1416         92         48          0          0       6197   clk.o
       100          6          0          0          0     183770   gpio.o
       304         24          0         24       5120       3272   heap_2.o
       150          0          0          0          0       3366   list.o
       556        278          0          0          0      83806   main.o
       420         30          0          4          0       3874   port.o
      3676          6          0          0         64      22014   queue.o
       400        128          0          8          0       4523   retarget.o
        28          8        192          0       1024        708   startup_m0564.o
       208          4          0          0          0       1706   sys.o
       228         38         32         12          0     204993   system_m0564.o
      5468        302          0         60        200      28871   tasks.o
      1324         66          0         20         40      11730   timers.o
      1092         52         48          0          0      12353   uart.o

    ----------------------------------------------------------------------
     15372       1034        352        128       6448     571183   Object Totals
         0          0         32          0          0          0   (incl. Generated)
         2          0          0          0          0          0   (incl. Padding)

    ----------------------------------------------------------------------

      Code (inc. data)   RO Data    RW Data    ZI Data      Debug   Library Member Name

         0          0          0          0          0          0   entry.o
         0          0          0          0          0          0   entry10a.o
         0          0          0          0          0          0   entry11a.o
         8          4          0          0          0          0   entry2.o
         4          0          0          0          0          0   entry5.o
         0          0          0          0          0          0   entry7b.o
         0          0          0          0          0          0   entry8b.o
         8          4          0          0          0          0   entry9a.o
        30          0          0          0          0          0   handlers.o
        36          8          0          0          0         68   init.o
        32          0          0          0          0         68   llshl.o
        34          0          0          0          0         68   llushr.o
        36          0          0          0          0         60   memcpya.o
        36          0          0          0          0        100   memseta.o
       764         52          0          0          0        168   printf5.o
        44          0          0          0          0         72   uidiv.o
        96          0          0          0          0         84   uldiv.o

    ----------------------------------------------------------------------
      1132         68          0          0          0        688   Library Totals
         4          0          0          0          0          0   (incl. Padding)

    ----------------------------------------------------------------------

      Code (inc. data)   RO Data    RW Data    ZI Data      Debug   Library Name

      1128         68          0          0          0        688   mc_p.l

    ----------------------------------------------------------------------
      1132         68          0          0          0        688   Library Totals

    ----------------------------------------------------------------------

==============================================================================


      Code (inc. data)   RO Data    RW Data    ZI Data      Debug   

     16504       1102        352        128       6448     570115   Grand Totals
     16504       1102        352        128       6448     570115   ELF Image Totals
     16504       1102        352        128          0          0   ROM Totals

==============================================================================

    Total RO  Size (Code + RO Data)                16856 (  16.46kB)
    Total RW  Size (RW Data + ZI Data)              6576 (   6.42kB)
    Total ROM Size (Code + RO Data + RW Data)      16984 (  16.59kB)

==============================================================================

